<html>
<body>
<pre>
<h1>µVision Build Log</h1>
<h2>Tool Versions:</h2>
IDE-Version: ¦ÌVision V5.17.0.0
Copyright (C) 2015 ARM Ltd and ARM Germany GmbH. All rights reserved.
License Information: tan yikai, k, LIC=CRMNN-Y69W7-EZJWX-H8FE3-M03QG-T1N7E
 
Tool Versions:
Toolchain:       MDK-ARM Professional  Version: 5.17
Toolchain Path:  E:\Profession\Application\Keil5\setup\ARM\ARMCC\Bin
C Compiler:      Armcc.exe V5.06 update 1 (build 61)
Assembler:       Armasm.exe V5.06 update 1 (build 61)
Linker/Locator:  ArmLink.exe V5.06 update 1 (build 61)
Library Manager: ArmAr.exe V5.06 update 1 (build 61)
Hex Converter:   FromElf.exe V5.06 update 1 (build 61)
CPU DLL:         SARMCM3.DLL V5.17
Dialog DLL:      DCM.DLL V1.13.4.0
Target DLL:      Segger\JL2CM3.dll V2.99.16.0
Dialog DLL:      TCM.DLL V1.14.6.0
 
<h2>Project:</h2>
E:\Profession\Application\Keil5\workspace\ÖÇÄÜ´°Á±\user\ÖÇÄÜ´°Á±.uvprojx
Project File Date:  03/05/2016

<h2>Output:</h2>
*** Using Compiler 'V5.06 update 1 (build 61)', folder: 'E:\Profession\Application\Keil5\setup\ARM\ARMCC\Bin'
Build target 'ÖÇÄÜ´°Á±'
compiling showCH.c...
..\source\LCD\showCH.c(560): warning:  #186-D: pointless comparison of unsigned integer with zero
  	if(bit<0 || bit>7)												//²»????Ê¾·¶Î§
..\source\LCD\showCH.c(608): warning:  #177-D: variable "temp" was declared but never referenced
  	u8 temp;
..\source\LCD\showCH.c: 2 warnings, 0 errors
linking...
Program Size: Code=13924 RO-data=6336 RW-data=472 ZI-data=1856  
FromELF: creating hex file...
"..\obj\ÖÇÄÜ´°Á±.axf" - 0 Error(s), 2 Warning(s).

<h2>Collection of Component include folders:</h2>
  E:\Profession\Application\Keil5\workspace\ÖÇÄÜ´°Á±\user\RTE
  E:\Profession\Application\Keil5\setup\ARM\PACK\Keil\STM32F1xx_DFP\2.0.0\Device\Include

<h2>Collection of Component Files used:</h2>
Build Time Elapsed:  00:00:01
</pre>
</body>
</html>
